\BOOKMARK [0][-]{section*.2}{\376\377\000L\000i\000s\000t\000\040\000o\000f\000\040\000T\000a\000b\000l\000e\000s}{}% 1
\BOOKMARK [0][-]{section*.3}{\376\377\000L\000i\000s\000t\000\040\000o\000f\000\040\000F\000i\000g\000u\000r\000e\000s}{}% 2
\BOOKMARK [0][-]{section*.4}{\376\377\000A\000c\000r\000o\000n\000y\000m\000s}{}% 3
\BOOKMARK [0][-]{chapter.1}{\376\377\0001\000\040\000G\000e\000n\000e\000r\000a\000l\000\040\000I\000n\000t\000r\000o\000d\000u\000c\000t\000i\000o\000n}{}% 4
\BOOKMARK [0][-]{chapter.1}{\376\377\0001\000\040\000P\000r\000e\000s\000e\000n\000t\000a\000t\000i\000o\000n\000\040\000o\000f\000\040\000t\000h\000e\000\040\000H\000o\000s\000t\000\040\000O\000r\000g\000a\000n\000i\000z\000a\000t\000i\000o\000n\000:\000\040\000A\000l\000g\000\351\000r\000i\000e\000\040\000T\000\351\000l\000\351\000c\000o\000m}{}% 5
\BOOKMARK [1][-]{section.1.1}{\376\377\0001\000.\0001\000\040\000H\000i\000s\000t\000o\000r\000y}{chapter.1}% 6
\BOOKMARK [1][-]{section.1.2}{\376\377\0001\000.\0002\000\040\000M\000i\000s\000s\000i\000o\000n\000s\000\040\000a\000n\000d\000\040\000O\000b\000j\000e\000c\000t\000i\000v\000e\000s}{chapter.1}% 7
\BOOKMARK [1][-]{section.1.3}{\376\377\0001\000.\0003\000\040\000G\000e\000n\000e\000r\000a\000l\000\040\000O\000r\000g\000a\000n\000i\000z\000a\000t\000i\000o\000n\000\040\000C\000h\000a\000r\000t\000\040\000o\000f\000\040\000A\000l\000g\000\351\000r\000i\000e\000\040\000T\000e\000l\000e\000c\000o\000m}{chapter.1}% 8
\BOOKMARK [1][-]{section.1.4}{\376\377\0001\000.\0004\000\040\000P\000r\000e\000s\000e\000n\000t\000a\000t\000i\000o\000n\000\040\000o\000f\000\040\000t\000h\000e\000\040\000H\000o\000s\000t\000\040\000S\000t\000r\000u\000c\000t\000u\000r\000e}{chapter.1}% 9
\BOOKMARK [2][-]{subsection.1.4.1}{\376\377\0001\000.\0004\000.\0001\000\040\000P\000r\000e\000s\000e\000n\000t\000a\000t\000i\000o\000n\000\040\000o\000f\000\040\000t\000h\000e\000\040\000S\000u\000p\000e\000r\000v\000i\000s\000e\000d\000\040\000S\000t\000r\000u\000c\000t\000u\000r\000e\000\040\000\050\000I\000n\000f\000o\000r\000m\000a\000t\000i\000o\000n\000\040\000S\000y\000s\000t\000e\000m\000s\000\040\000D\000i\000v\000i\000s\000i\000o\000n\000\051}{section.1.4}% 10
\BOOKMARK [2][-]{subsection.1.4.2}{\376\377\0001\000.\0004\000.\0002\000\040\000O\000r\000g\000a\000n\000i\000z\000a\000t\000i\000o\000n\000\040\000C\000h\000a\000r\000t\000\040\000o\000f\000\040\000t\000h\000e\000\040\000I\000n\000f\000o\000r\000m\000a\000t\000i\000o\000n\000\040\000S\000y\000s\000t\000e\000m\000s\000\040\000D\000i\000v\000i\000s\000i\000o\000n}{section.1.4}% 11
\BOOKMARK [2][-]{subsection.1.4.3}{\376\377\0001\000.\0004\000.\0003\000\040\000S\000t\000r\000a\000t\000e\000g\000i\000c\000\040\000P\000o\000s\000i\000t\000i\000o\000n\000i\000n\000g\000\040\000a\000n\000d\000\040\000P\000r\000o\000s\000p\000e\000c\000t\000s}{section.1.4}% 12
\BOOKMARK [1][-]{section.1.5}{\376\377\0001\000.\0005\000\040\000G\000e\000n\000e\000r\000a\000l\000\040\000P\000r\000o\000j\000e\000c\000t\000\040\000F\000r\000a\000m\000e\000w\000o\000r\000k}{chapter.1}% 13
\BOOKMARK [2][-]{subsection.1.5.1}{\376\377\0001\000.\0005\000.\0001\000\040\000R\000i\000s\000k\000\040\000o\000f\000\040\000t\000h\000e\000\040\000A\000b\000s\000e\000n\000c\000e\000\040\000o\000f\000\040\000a\000\040\000S\000O\000C}{section.1.5}% 14
\BOOKMARK [2][-]{subsection.1.5.2}{\376\377\0001\000.\0005\000.\0002\000\040\000T\000h\000e\000\040\000S\000t\000r\000a\000t\000e\000g\000i\000c\000\040\000I\000m\000p\000e\000r\000a\000t\000i\000v\000e\000\040\000:\000\040\000D\000i\000g\000i\000t\000a\000l\000\040\000S\000o\000v\000e\000r\000e\000i\000g\000n\000t\000y\000\040\000a\000n\000d\000\040\000t\000h\000e\000\040\000O\000p\000e\000n\000-\000S\000o\000u\000r\000c\000e\000\040\000M\000a\000n\000d\000a\000t\000e}{section.1.5}% 15
\BOOKMARK [2][-]{subsection.1.5.3}{\376\377\0001\000.\0005\000.\0003\000\040\000E\000n\000v\000i\000s\000i\000o\000n\000e\000d\000\040\000S\000o\000l\000u\000t\000i\000o\000n\000\040\000a\000n\000d\000\040\000I\000t\000s\000\040\000O\000b\000j\000e\000c\000t\000i\000v\000e\000s}{section.1.5}% 16
\BOOKMARK [1][-]{section.1.6}{\376\377\0001\000.\0006\000\040\000C\000o\000n\000c\000l\000u\000s\000i\000o\000n}{chapter.1}% 17
\BOOKMARK [0][-]{chapter.2}{\376\377\0002\000\040\000G\000e\000n\000e\000r\000a\000l\000i\000t\000i\000e\000s\000\040\000o\000n\000\040\000t\000h\000e\000\040\000S\000e\000c\000u\000r\000i\000t\000y\000\040\000O\000p\000e\000r\000a\000t\000i\000o\000n\000s\000\040\000C\000e\000n\000t\000e\000r}{}% 18
\BOOKMARK [1][-]{section.2.1}{\376\377\0002\000.\0001\000\040\000I\000n\000t\000r\000o\000d\000u\000c\000t\000i\000o\000n}{chapter.2}% 19
\BOOKMARK [1][-]{section.2.2}{\376\377\0002\000.\0002\000\040\000G\000e\000n\000e\000r\000a\000l\000i\000t\000i\000e\000s\000\040\000o\000n\000\040\000S\000e\000c\000u\000r\000i\000t\000y}{chapter.2}% 20
\BOOKMARK [2][-]{subsection.2.2.1}{\376\377\0002\000.\0002\000.\0001\000\040\000O\000b\000j\000e\000c\000t\000i\000v\000e\000\040\000o\000f\000\040\000I\000n\000f\000o\000r\000m\000a\000t\000i\000o\000n\000\040\000S\000y\000s\000t\000e\000m\000s\000\040\000S\000e\000c\000u\000r\000i\000t\000y}{section.2.2}% 21
\BOOKMARK [2][-]{subsection.2.2.2}{\376\377\0002\000.\0002\000.\0002\000\040\000V\000u\000l\000n\000e\000r\000a\000b\000i\000l\000i\000t\000y\000,\000\040\000T\000h\000r\000e\000a\000t\000,\000\040\000a\000n\000d\000\040\000R\000i\000s\000k}{section.2.2}% 22
\BOOKMARK [2][-]{subsection.2.2.3}{\376\377\0002\000.\0002\000.\0003\000\040\000C\000o\000m\000p\000u\000t\000e\000r\000\040\000T\000h\000r\000e\000a\000t\000s}{section.2.2}% 23
\BOOKMARK [2][-]{subsection.2.2.4}{\376\377\0002\000.\0002\000.\0004\000\040\000I\000n\000d\000i\000c\000a\000t\000o\000r\000s\000\040\000o\000f\000\040\000C\000o\000m\000p\000r\000o\000m\000i\000s\000e\000\040\000\050\000I\000o\000C\000\051}{section.2.2}% 24
\BOOKMARK [2][-]{subsection.2.2.5}{\376\377\0002\000.\0002\000.\0005\000\040\000T\000a\000c\000t\000i\000c\000s\000,\000\040\000T\000e\000c\000h\000n\000i\000q\000u\000e\000s\000,\000\040\000a\000n\000d\000\040\000P\000r\000o\000c\000e\000d\000u\000r\000e\000s\000\040\000\050\000T\000T\000P\000\051}{section.2.2}% 25
\BOOKMARK [2][-]{subsection.2.2.6}{\376\377\0002\000.\0002\000.\0006\000\040\000C\000y\000b\000e\000r\000\040\000K\000i\000l\000l\000\040\000C\000h\000a\000i\000n}{section.2.2}% 26
\BOOKMARK [2][-]{subsection.2.2.7}{\376\377\0002\000.\0002\000.\0007\000\040\000M\000I\000T\000R\000E\000\040\000A\000T\000T\000\046\000C\000K}{section.2.2}% 27
\BOOKMARK [1][-]{section.2.3}{\376\377\0002\000.\0003\000\040\000T\000e\000r\000m\000i\000n\000o\000l\000o\000g\000i\000e\000s}{chapter.2}% 28
\BOOKMARK [2][-]{subsection.2.3.1}{\376\377\0002\000.\0003\000.\0001\000\040\000E\000v\000e\000n\000t}{section.2.3}% 29
\BOOKMARK [2][-]{subsection.2.3.2}{\376\377\0002\000.\0003\000.\0002\000\040\000L\000o\000g\000s}{section.2.3}% 30
\BOOKMARK [2][-]{subsection.2.3.3}{\376\377\0002\000.\0003\000.\0003\000\040\000A\000l\000e\000r\000t}{section.2.3}% 31
\BOOKMARK [2][-]{subsection.2.3.4}{\376\377\0002\000.\0003\000.\0004\000\040\000I\000n\000c\000i\000d\000e\000n\000t}{section.2.3}% 32
\BOOKMARK [2][-]{subsection.2.3.5}{\376\377\0002\000.\0003\000.\0005\000\040\000C\000o\000m\000p\000a\000r\000i\000s\000o\000n\000\040\000b\000e\000t\000w\000e\000e\000n\000\040\000E\000v\000e\000n\000t\000,\000\040\000A\000l\000e\000r\000t\000,\000\040\000a\000n\000d\000\040\000I\000n\000c\000i\000d\000e\000n\000t}{section.2.3}% 33
\BOOKMARK [2][-]{subsection.2.3.6}{\376\377\0002\000.\0003\000.\0006\000\040\000C\000o\000n\000t\000a\000i\000n\000e\000r}{section.2.3}% 34
\BOOKMARK [1][-]{section.2.4}{\376\377\0002\000.\0004\000\040\000S\000e\000c\000u\000r\000i\000t\000y\000\040\000O\000p\000e\000r\000a\000t\000i\000o\000n\000s\000\040\000C\000e\000n\000t\000e\000r\000\040\000\050\000S\000O\000C\000\051}{chapter.2}% 35
\BOOKMARK [2][-]{subsection.2.4.1}{\376\377\0002\000.\0004\000.\0001\000\040\000S\000O\000C\000\040\000A\000c\000t\000i\000v\000i\000t\000i\000e\000s}{section.2.4}% 36
\BOOKMARK [2][-]{subsection.2.4.2}{\376\377\0002\000.\0004\000.\0002\000\040\000S\000O\000C\000\040\000C\000o\000m\000p\000o\000n\000e\000n\000t\000s}{section.2.4}% 37
\BOOKMARK [1][-]{section.2.5}{\376\377\0002\000.\0005\000\040\000S\000O\000C\000\040\000T\000e\000c\000h\000n\000o\000l\000o\000g\000i\000e\000s\000\040\000a\000n\000d\000\040\000T\000o\000o\000l\000s}{chapter.2}% 38
\BOOKMARK [2][-]{subsection.2.5.1}{\376\377\0002\000.\0005\000.\0001\000\040\000S\000e\000c\000u\000r\000i\000t\000y\000\040\000I\000n\000f\000o\000r\000m\000a\000t\000i\000o\000n\000\040\000a\000n\000d\000\040\000E\000v\000e\000n\000t\000\040\000M\000a\000n\000a\000g\000e\000m\000e\000n\000t\000\040\000\050\000S\000I\000E\000M\000\051}{section.2.5}% 39
\BOOKMARK [2][-]{subsection.2.5.2}{\376\377\0002\000.\0005\000.\0002\000\040\000S\000e\000c\000u\000r\000i\000t\000y\000\040\000O\000r\000c\000h\000e\000s\000t\000r\000a\000t\000i\000o\000n\000,\000\040\000A\000u\000t\000o\000m\000a\000t\000i\000o\000n\000\040\000a\000n\000d\000\040\000R\000e\000s\000p\000o\000n\000s\000e\000\040\000\050\000S\000O\000A\000R\000\051}{section.2.5}% 40
\BOOKMARK [2][-]{subsection.2.5.3}{\376\377\0002\000.\0005\000.\0003\000\040\000E\000x\000t\000e\000n\000d\000e\000d\000\040\000D\000e\000t\000e\000c\000t\000i\000o\000n\000\040\000a\000n\000d\000\040\000R\000e\000s\000p\000o\000n\000s\000e\000\040\000\050\000X\000D\000R\000\051}{section.2.5}% 41
\BOOKMARK [2][-]{subsection.2.5.4}{\376\377\0002\000.\0005\000.\0004\000\040\000I\000n\000t\000r\000u\000s\000i\000o\000n\000\040\000D\000e\000t\000e\000c\000t\000i\000o\000n\000\040\000S\000y\000s\000t\000e\000m\000\040\000\046\000\040\000I\000n\000t\000r\000u\000s\000i\000o\000n\000\040\000P\000r\000e\000v\000e\000n\000t\000i\000o\000n\000\040\000S\000y\000s\000t\000e\000m\000\040\000\050\000I\000D\000S\000\040\000/\000\040\000I\000P\000S\000\051}{section.2.5}% 42
\BOOKMARK [1][-]{section.2.6}{\376\377\0002\000.\0006\000\040\000S\000O\000C\000\040\000C\000h\000a\000l\000l\000e\000n\000g\000e\000s}{chapter.2}% 43
\BOOKMARK [2][-]{subsection.2.6.1}{\376\377\0002\000.\0006\000.\0001\000\040\000A\000l\000e\000r\000t\000\040\000F\000a\000t\000i\000g\000u\000e}{section.2.6}% 44
\BOOKMARK [2][-]{subsection.2.6.2}{\376\377\0002\000.\0006\000.\0002\000\040\000C\000o\000m\000p\000l\000e\000x\000i\000t\000y\000\040\000o\000f\000\040\000E\000n\000v\000i\000r\000o\000n\000m\000e\000n\000t\000s}{section.2.6}% 45
\BOOKMARK [2][-]{subsection.2.6.3}{\376\377\0002\000.\0006\000.\0003\000\040\000C\000y\000b\000e\000r\000s\000e\000c\000u\000r\000i\000t\000y\000\040\000S\000k\000i\000l\000l\000s\000\040\000S\000h\000o\000r\000t\000a\000g\000e}{section.2.6}% 46
\BOOKMARK [2][-]{subsection.2.6.4}{\376\377\0002\000.\0006\000.\0004\000\040\000E\000v\000o\000l\000u\000t\000i\000o\000n\000\040\000o\000f\000\040\000T\000h\000r\000e\000a\000t\000s\000\040\000a\000n\000d\000\040\000S\000o\000p\000h\000i\000s\000t\000i\000c\000a\000t\000e\000d\000\040\000A\000t\000t\000a\000c\000k\000s}{section.2.6}% 47
\BOOKMARK [2][-]{subsection.2.6.5}{\376\377\0002\000.\0006\000.\0005\000\040\000C\000o\000m\000p\000l\000i\000a\000n\000c\000e\000\040\000a\000n\000d\000\040\000R\000e\000g\000u\000l\000a\000t\000i\000o\000n}{section.2.6}% 48
\BOOKMARK [2][-]{subsection.2.6.6}{\376\377\0002\000.\0006\000.\0006\000\040\000C\000o\000s\000t\000s\000\040\000a\000n\000d\000\040\000R\000e\000t\000u\000r\000n\000\040\000o\000n\000\040\000I\000n\000v\000e\000s\000t\000m\000e\000n\000t\000\040\000\050\000R\000O\000I\000\051}{section.2.6}% 49
\BOOKMARK [1][-]{section.2.7}{\376\377\0002\000.\0007\000\040\000S\000e\000c\000u\000r\000i\000t\000y\000\040\000O\000p\000e\000r\000a\000t\000i\000o\000n\000s\000\040\000C\000e\000n\000t\000e\000r\000\040\000a\000s\000\040\000a\000\040\000S\000e\000r\000v\000i\000c\000e\000\040\000\050\000S\000O\000C\000a\000a\000S\000\051}{chapter.2}% 50
\BOOKMARK [2][-]{subsection.2.7.1}{\376\377\0002\000.\0007\000.\0001\000\040\000S\000O\000C\000a\000a\000S\000\040\000A\000d\000v\000a\000n\000t\000a\000g\000e\000s}{section.2.7}% 51
\BOOKMARK [2][-]{subsection.2.7.2}{\376\377\0002\000.\0007\000.\0002\000\040\000S\000O\000C\000a\000a\000S\000\040\000C\000h\000a\000l\000l\000e\000n\000g\000e\000s}{section.2.7}% 52
\BOOKMARK [2][-]{subsection.2.7.3}{\376\377\0002\000.\0007\000.\0003\000\040\000C\000o\000m\000p\000a\000r\000i\000s\000o\000n\000\040\000b\000e\000t\000w\000e\000e\000n\000\040\000S\000O\000C\000a\000a\000S\000\040\000a\000n\000d\000\040\000I\000n\000t\000e\000r\000n\000a\000l\000\040\000S\000O\000C}{section.2.7}% 53
\BOOKMARK [1][-]{section.2.8}{\376\377\0002\000.\0008\000\040\000S\000O\000C\000a\000a\000S\000\040\000S\000o\000l\000u\000t\000i\000o\000n}{chapter.2}% 54
\BOOKMARK [1][-]{section.2.9}{\376\377\0002\000.\0009\000\040\000C\000o\000n\000c\000l\000u\000s\000i\000o\000n}{chapter.2}% 55
\BOOKMARK [0][-]{chapter.3}{\376\377\0003\000\040\000D\000e\000s\000i\000g\000n\000\040\000o\000f\000\040\000t\000h\000e\000\040\000S\000O\000C\000a\000a\000S\000\040\000S\000o\000l\000u\000t\000i\000o\000n}{}% 56
\BOOKMARK [1][-]{section.3.1}{\376\377\0003\000.\0001\000\040\000I\000n\000t\000r\000o\000d\000u\000c\000t\000i\000o\000n}{chapter.3}% 57
\BOOKMARK [1][-]{section.3.2}{\376\377\0003\000.\0002\000\040\000T\000o\000o\000l\000\040\000S\000e\000l\000e\000c\000t\000i\000o\000n\000\040\000C\000r\000i\000t\000e\000r\000i\000a}{chapter.3}% 58
\BOOKMARK [2][-]{subsection.3.2.1}{\376\377\0003\000.\0002\000.\0001\000\040\000S\000u\000p\000p\000o\000r\000t\000i\000n\000g\000\040\000D\000e\000s\000i\000g\000n\000\040\000C\000o\000m\000p\000o\000n\000e\000n\000t\000s}{section.3.2}% 59
\BOOKMARK [1][-]{section.3.3}{\376\377\0003\000.\0003\000\040\000K\000u\000b\000e\000r\000n\000e\000t\000e\000s}{chapter.3}% 60
\BOOKMARK [2][-]{subsection.3.3.1}{\376\377\0003\000.\0003\000.\0001\000\040\000K\000u\000b\000e\000r\000n\000e\000t\000e\000s\000\040\000C\000o\000m\000p\000o\000n\000e\000n\000t\000s}{section.3.3}% 61
\BOOKMARK [2][-]{subsection.3.3.2}{\376\377\0003\000.\0003\000.\0002\000\040\000M\000a\000i\000n\000\040\000K\000u\000b\000e\000r\000n\000e\000t\000e\000s\000\040\000R\000e\000s\000o\000u\000r\000c\000e\000s}{section.3.3}% 62
\BOOKMARK [1][-]{section.3.4}{\376\377\0003\000.\0004\000\040\000H\000e\000l\000m}{chapter.3}% 63
\BOOKMARK [2][-]{subsection.3.4.1}{\376\377\0003\000.\0004\000.\0001\000\040\000K\000e\000y\000\040\000C\000o\000n\000c\000e\000p\000t\000s\000\040\000o\000f\000\040\000H\000e\000l\000m}{section.3.4}% 64
\BOOKMARK [1][-]{section.3.5}{\376\377\0003\000.\0005\000\040\000S\000I\000E\000M\000\040\000C\000h\000o\000i\000c\000e}{chapter.3}% 65
\BOOKMARK [2][-]{subsection.3.5.1}{\376\377\0003\000.\0005\000.\0001\000\040\000O\000p\000e\000n\000-\000s\000o\000u\000r\000c\000e\000\040\000S\000o\000l\000u\000t\000i\000o\000n\000s}{section.3.5}% 66
\BOOKMARK [2][-]{subsection.3.5.2}{\376\377\0003\000.\0005\000.\0002\000\040\000P\000r\000o\000p\000r\000i\000e\000t\000a\000r\000y\000\040\000S\000o\000l\000u\000t\000i\000o\000n\000s\000\040\000C\000r\000i\000t\000i\000c\000a\000l}{section.3.5}% 67
\BOOKMARK [2][-]{subsection.3.5.3}{\376\377\0003\000.\0005\000.\0003\000\040\000W\000a\000z\000u\000h}{section.3.5}% 68
\BOOKMARK [1][-]{section.3.6}{\376\377\0003\000.\0006\000\040\000S\000O\000A\000R\000\040\000C\000h\000o\000i\000c\000e}{chapter.3}% 69
\BOOKMARK [2][-]{subsection.3.6.1}{\376\377\0003\000.\0006\000.\0001\000\040\000S\000O\000A\000:\000\040\000S\000h\000u\000f\000f\000l\000e}{section.3.6}% 70
\BOOKMARK [2][-]{subsection.3.6.2}{\376\377\0003\000.\0006\000.\0002\000\040\000S\000I\000R\000P\000:\000\040\000T\000h\000e\000H\000i\000v\000e}{section.3.6}% 71
\BOOKMARK [2][-]{subsection.3.6.3}{\376\377\0003\000.\0006\000.\0003\000\040\000T\000I\000P\000:\000\040\000T\000h\000r\000e\000a\000t\000\040\000I\000n\000t\000e\000l\000l\000i\000g\000e\000n\000c\000e\000\040\000P\000l\000a\000t\000f\000o\000r\000m}{section.3.6}% 72
\BOOKMARK [1][-]{section.3.7}{\376\377\0003\000.\0007\000\040\000L\000o\000a\000d\000\040\000B\000a\000l\000a\000n\000c\000e\000r}{chapter.3}% 73
\BOOKMARK [2][-]{subsection.3.7.1}{\376\377\0003\000.\0007\000.\0001\000\040\000H\000A\000P\000r\000o\000x\000y}{section.3.7}% 74
\BOOKMARK [1][-]{section.3.8}{\376\377\0003\000.\0008\000\040\000O\000p\000e\000r\000a\000t\000i\000o\000n\000\040\000o\000f\000\040\000t\000h\000e\000\040\000S\000O\000C\000\040\000P\000l\000a\000t\000f\000o\000r\000m}{chapter.3}% 75
\BOOKMARK [1][-]{section.3.9}{\376\377\0003\000.\0009\000\040\000C\000o\000n\000c\000l\000u\000s\000i\000o\000n}{chapter.3}% 76
\BOOKMARK [0][-]{chapter.4}{\376\377\0004\000\040\000I\000m\000p\000l\000e\000m\000e\000n\000t\000a\000t\000i\000o\000n\000\040\000a\000n\000d\000\040\000V\000a\000l\000i\000d\000a\000t\000i\000o\000n\000\040\000o\000f\000\040\000t\000h\000e\000\040\000S\000O\000C\000a\000a\000S\000\040\000P\000l\000a\000t\000f\000o\000r\000m}{}% 77
\BOOKMARK [1][-]{section.4.1}{\376\377\0004\000.\0001\000\040\000I\000n\000t\000r\000o\000d\000u\000c\000t\000i\000o\000n}{chapter.4}% 78
\BOOKMARK [1][-]{section.4.2}{\376\377\0004\000.\0002\000\040\000O\000v\000e\000r\000v\000i\000e\000w\000\040\000o\000f\000\040\000t\000h\000e\000\040\000K\000u\000b\000e\000r\000n\000e\000t\000e\000s\000\040\000C\000l\000u\000s\000t\000e\000r}{chapter.4}% 79
\BOOKMARK [1][-]{section.4.3}{\376\377\0004\000.\0003\000\040\000D\000e\000p\000l\000o\000y\000m\000e\000n\000t\000\040\000o\000f\000\040\000t\000h\000e\000\040\000K\000u\000b\000e\000r\000n\000e\000t\000e\000s\000\040\000C\000l\000u\000s\000t\000e\000r}{chapter.4}% 80
\BOOKMARK [1][-]{section.4.4}{\376\377\0004\000.\0004\000\040\000D\000e\000p\000l\000o\000y\000m\000e\000n\000t\000\040\000o\000f\000\040\000S\000O\000C\000a\000a\000S\000\040\000S\000e\000c\000u\000r\000i\000t\000y\000\040\000T\000o\000o\000l\000s}{chapter.4}% 81
\BOOKMARK [2][-]{subsection.4.4.1}{\376\377\0004\000.\0004\000.\0001\000\040\000W\000a\000z\000u\000h\000\040\000S\000I\000E\000M\000\040\000D\000e\000p\000l\000o\000y\000m\000e\000n\000t}{section.4.4}% 82
\BOOKMARK [2][-]{subsection.4.4.2}{\376\377\0004\000.\0004\000.\0002\000\040\000P\000i\000p\000e\000l\000i\000n\000e\000\040\000G\000a\000t\000e\000w\000a\000y\000\040\000D\000e\000p\000l\000o\000y\000m\000e\000n\000t}{section.4.4}% 83
\BOOKMARK [2][-]{subsection.4.4.3}{\376\377\0004\000.\0004\000.\0003\000\040\000S\000h\000u\000f\000f\000l\000e\000\040\000S\000O\000A\000R\000\040\000D\000e\000p\000l\000o\000y\000m\000e\000n\000t}{section.4.4}% 84
\BOOKMARK [2][-]{subsection.4.4.4}{\376\377\0004\000.\0004\000.\0004\000\040\000T\000h\000e\000H\000i\000v\000e\000\040\000C\000a\000s\000e\000\040\000M\000a\000n\000a\000g\000e\000m\000e\000n\000t\000\040\000D\000e\000p\000l\000o\000y\000m\000e\000n\000t}{section.4.4}% 85
\BOOKMARK [1][-]{section.4.5}{\376\377\0004\000.\0005\000\040\000I\000m\000p\000l\000e\000m\000e\000n\000t\000a\000t\000i\000o\000n\000\040\000o\000f\000\040\000t\000h\000e\000\040\000S\000O\000C\000a\000a\000S\000\040\000H\000e\000l\000m\000\040\000C\000h\000a\000r\000t}{chapter.4}% 86
\BOOKMARK [1][-]{section.4.6}{\376\377\0004\000.\0006\000\040\000E\000n\000d\000-\000t\000o\000-\000E\000n\000d\000\040\000D\000e\000t\000e\000c\000t\000i\000o\000n\000\040\000a\000n\000d\000\040\000R\000e\000s\000p\000o\000n\000s\000e\000\040\000P\000i\000p\000e\000l\000i\000n\000e}{chapter.4}% 87
\BOOKMARK [1][-]{section.4.7}{\376\377\0004\000.\0007\000\040\000A\000I\000-\000A\000s\000s\000i\000s\000t\000e\000d\000\040\000A\000l\000e\000r\000t\000\040\000T\000r\000i\000a\000g\000e}{chapter.4}% 88
\BOOKMARK [1][-]{section.4.8}{\376\377\0004\000.\0008\000\040\000A\000I\000\040\000S\000a\000n\000d\000b\000o\000x\000\040\000M\000a\000l\000w\000a\000r\000e\000\040\000A\000n\000a\000l\000y\000s\000i\000s}{chapter.4}% 89
\BOOKMARK [1][-]{section.4.9}{\376\377\0004\000.\0009\000\040\000A\000I\000\040\000S\000a\000n\000d\000b\000o\000x\000\040\000C\000a\000s\000e\000\040\000S\000t\000u\000d\000y\000:\000\040\000P\000a\000s\000s\000w\000o\000r\000d\000\040\000F\000i\000l\000e\000\040\000E\000x\000f\000i\000l\000t\000r\000a\000t\000i\000o\000n\000\040\000S\000c\000r\000i\000p\000t}{chapter.4}% 90
\BOOKMARK [1][-]{section.4.10}{\376\377\0004\000.\0001\0000\000\040\000V\000a\000l\000i\000d\000a\000t\000i\000o\000n\000\040\000S\000c\000e\000n\000a\000r\000i\000o\000s}{chapter.4}% 91
\BOOKMARK [2][-]{subsection.4.10.1}{\376\377\0004\000.\0001\0000\000.\0001\000\040\000M\000a\000l\000w\000a\000r\000e\000\040\000a\000n\000d\000\040\000A\000I\000\040\000S\000a\000n\000d\000b\000o\000x\000\040\000V\000a\000l\000i\000d\000a\000t\000i\000o\000n}{section.4.10}% 92
\BOOKMARK [2][-]{subsection.4.10.2}{\376\377\0004\000.\0001\0000\000.\0002\000\040\000N\000m\000a\000p\000\040\000P\000o\000r\000t\000\040\000S\000c\000a\000n\000\040\000V\000a\000l\000i\000d\000a\000t\000i\000o\000n}{section.4.10}% 93
\BOOKMARK [2][-]{subsection.4.10.3}{\376\377\0004\000.\0001\0000\000.\0003\000\040\000C\0002\000\040\000B\000e\000a\000c\000o\000n\000\040\000V\000a\000l\000i\000d\000a\000t\000i\000o\000n}{section.4.10}% 94
\BOOKMARK [1][-]{section.4.11}{\376\377\0004\000.\0001\0001\000\040\000E\000v\000a\000l\000u\000a\000t\000i\000o\000n\000\040\000o\000f\000\040\000R\000e\000s\000u\000l\000t\000s}{chapter.4}% 95
\BOOKMARK [1][-]{section.4.12}{\376\377\0004\000.\0001\0002\000\040\000L\000i\000m\000i\000t\000a\000t\000i\000o\000n\000s\000\040\000a\000n\000d\000\040\000S\000e\000c\000u\000r\000i\000t\000y\000\040\000C\000o\000n\000s\000i\000d\000e\000r\000a\000t\000i\000o\000n\000s}{chapter.4}% 96
\BOOKMARK [1][-]{section.4.13}{\376\377\0004\000.\0001\0003\000\040\000C\000o\000n\000c\000l\000u\000s\000i\000o\000n}{chapter.4}% 97
\BOOKMARK [0][-]{appendix.A}{\376\377\000A\000\040\000N\000m\000a\000p\000\040\000P\000o\000r\000t\000\040\000S\000c\000a\000n\000\040\000D\000e\000t\000e\000c\000t\000i\000o\000n\000\040\000a\000n\000d\000\040\000R\000e\000s\000p\000o\000n\000s\000e}{}% 98
\BOOKMARK [0][-]{appendix.B}{\376\377\000B\000\040\000C\0002\000\040\000B\000e\000a\000c\000o\000n\000\040\000D\000e\000t\000e\000c\000t\000i\000o\000n\000\040\000a\000n\000d\000\040\000R\000e\000s\000p\000o\000n\000s\000e}{}% 99
\BOOKMARK [0][-]{appendix.C}{\376\377\000C\000\040\000A\000I\000\040\000S\000a\000n\000d\000b\000o\000x\000\040\000G\000e\000n\000e\000r\000a\000t\000e\000d\000\040\000M\000a\000l\000w\000a\000r\000e\000\040\000A\000n\000a\000l\000y\000s\000i\000s\000\040\000R\000e\000p\000o\000r\000t}{}% 100
\BOOKMARK [0][-]{section*.45}{\376\377\000B\000i\000b\000l\000i\000o\000g\000r\000a\000p\000h\000y}{}% 101
